flutter : Building with plugins requires symlink support.
At line:1 char:1
+ flutter build apk --debug 2>&1 | Tee-Object -FilePath build_output.tx ...
+ ~~~~~~~~~~~~~~~~~~~~~~~~~~~~~~
    + CategoryInfo          : NotSpecified: (Building with p...ymlink support 
   .:String) [], RemoteException
    + FullyQualifiedErrorId : NativeCommandError
 

Please enable Developer Mode in your system settings. Run
  start ms-settings:developers
to open settings.
